========================================================================
TASK A: AILLIQ_TS universe variants (annual, 1963-1996)
========================================================================

--- A1: current pipeline: admitted (i)-(iii), upper-1% tail excluded (data/ailliq.parquet) ---
 year     ailliq  n_stocks         ln
 1963   0.577360      1058  -0.549290
 1964   0.571073      1116  -0.560239
 1965   0.479196      1175  -0.735645
 1966   0.519751      1189  -0.654405
 1967   0.341416      1254  -1.074653
 1968   0.201978      1229  -1.599597
 1969   0.304639      1288  -1.188629
 1970   0.752425      1302  -0.284454
 1971   0.393953      1351  -0.931524
 1972   0.321012      1394  -1.136276
 1973   0.622093      1283  -0.474665
 1974   0.972909      1093  -0.027465
 1975   0.891786      1265  -0.114529
 1976   0.567850      1381  -0.565898
 1977   0.443029      1386  -0.814120
 1978   0.348293      1394  -1.054711
 1979   0.321343      1397  -1.135246
 1980   0.312402      1389  -1.163466
 1981   0.251200      1349  -1.381507
 1982   0.334903      1345  -1.093915
 1983   0.151490      1609  -1.887236
 1984   0.191257      1560  -1.654136
 1985   0.166092      1568  -1.795212
 1986   0.126989      1536  -2.063658
 1987   0.136655      1478  -1.990298
 1988   0.224980      1458  -1.491743
 1989   0.169964      1439  -1.772167
 1990   0.181628      1293  -1.705793
 1991   0.202075      1393  -1.599117
 1992   0.187558      1530  -1.673669
 1993   0.126774      1649  -2.065352
 1994   0.112190      1695  -2.187561
 1995   0.104127      1747  -2.262141
 1996   0.071442      1790  -2.638867
AR(1) ln(ailliq_y) ~ ln(ailliq_y-1), 1964-1996 (T=33):
  intercept = -0.2113 (t = -1.47)
  slope     = 0.8800  (t = 8.44)
  R2 = 0.6970   DW = 1.990   resid lag-1 autocorr = -0.0202
  Kendall-corrected slope = 0.9903
  paper: -0.200 (1.70) + 0.768 (5.89), R2=0.53, DW=1.57 (resid rho ~ +0.215), KC=0.869
  |diff| vs paper: slope 0.112, R2 0.167, DW 0.420
shape: peak=1974 (mid-1970s: YES); 1968 local min: YES; 1990 rises vs 1989: YES; mid-1980s low year: 1986; 1996 = series min: YES (series min year: 1996)
[A1 cross-check] max |ailliq.parquet - recomputed| = 0.00e+00

--- A2: ALL NYSE common (shrcd 10/11, hexcd 1 PIT) with >= 1 valid day; no admission filters ---
 year     ailliq  n_stocks         ln
 1963   1.211002      1258   0.191448
 1964   0.934145      1296  -0.068124
 1965   0.715807      1339  -0.334344
 1966   0.711568      1359  -0.340284
 1967   0.371272      1382  -0.990820
 1968   0.213699      1408  -1.543187
 1969   0.328108      1426  -1.114412
 1970   0.969104      1445  -0.031384
 1971   0.487976      1499  -0.717488
 1972   0.452047      1543  -0.793969
 1973   1.355296      1572   0.304020
 1974   3.920936      1573   1.366330
 1975   2.938248      1578   1.077814
 1976   1.344753      1584   0.296210
 1977   0.944021      1587  -0.057607
 1978   0.566057      1576  -0.569060
 1979   0.472695      1553  -0.749306
 1980   0.414766      1541  -0.880040
 1981   0.348458      1534  -1.054238
 1982   0.541898      1810  -0.612678
 1983   0.232979      1844  -1.456807
 1984   0.376835      1865  -0.975947
 1985   0.433550      1858  -0.835748
 1986   0.439140      1882  -0.822936
 1987   0.450887      1877  -0.796539
 1988   0.907036      1850  -0.097573
 1989   0.798037      1783  -0.225600
 1990   2.312742      1765   0.838434
 1991   2.366818      1801   0.861547
 1992   1.156612      1889   0.145495
 1993   0.561506      1979  -0.577133
 1994   0.491283      2036  -0.710735
 1995   0.372590      2078  -0.987276
 1996   0.194312      2144  -1.638293
AR(1) ln(ailliq_y) ~ ln(ailliq_y-1), 1964-1996 (T=33):
  intercept = -0.1613 (t = -1.51)
  slope     = 0.7151  (t = 5.31)
  R2 = 0.4766   DW = 1.494   resid lag-1 autocorr = +0.2281
  Kendall-corrected slope = 0.8104
  paper: -0.200 (1.70) + 0.768 (5.89), R2=0.53, DW=1.57 (resid rho ~ +0.215), KC=0.869
  |diff| vs paper: slope 0.053, R2 0.053, DW 0.076
shape: peak=1974 (mid-1970s: YES); 1968 local min: YES; 1990 rises vs 1989: YES; mid-1980s low year: 1984; 1996 = series min: YES (series min year: 1996)

--- A3: ALL NYSE securities (any shrcd, hexcd 1 PIT) with >= 1 valid day [reference only] ---
 year     ailliq  n_stocks         ln
 1963   1.203354      1306   0.185113
 1964   0.959829      1346  -0.041000
 1965   0.723422      1390  -0.323763
 1966   0.721161      1412  -0.326893
 1967   0.384992      1440  -0.954532
 1968   0.224629      1471  -1.493304
 1969   0.338622      1493  -1.082872
 1970   0.992262      1523  -0.007768
 1971   0.508882      1595  -0.675539
 1972   0.470764      1647  -0.753399
 1973   1.344513      1700   0.296032
 1974   3.888922      1705   1.358132
 1975   3.078921      1707   1.124579
 1976   1.551972      1715   0.439526
 1977   1.118284      1718   0.111796
 1978   0.648127      1703  -0.433668
 1979   0.526758      1682  -0.641013
 1980   0.456345      1676  -0.784507
 1981   0.386904      1675  -0.949579
 1982   0.597359      1980  -0.515237
 1983   0.273090      2028  -1.297953
 1984   0.422826      2057  -0.860794
 1985   0.455301      2072  -0.786797
 1986   0.465906      2146  -0.763772
 1987   0.468208      2200  -0.758843
 1988   0.897518      2244  -0.108123
 1989   0.756745      2223  -0.278729
 1990   1.983729      2234   0.684979
 1991   2.091606      2325   0.737932
 1992   1.162288      2523   0.150391
 1993   0.506544      2775  -0.680144
 1994   0.443241      2968  -0.813641
 1995   0.346236      3043  -1.060636
 1996   0.203405      3167  -1.592556
AR(1) ln(ailliq_y) ~ ln(ailliq_y-1), 1964-1996 (T=33):
  intercept = -0.1486 (t = -1.46)
  slope     = 0.7236  (t = 5.41)
  R2 = 0.4853   DW = 1.508   resid lag-1 autocorr = +0.2249
  Kendall-corrected slope = 0.8196
  paper: -0.200 (1.70) + 0.768 (5.89), R2=0.53, DW=1.57 (resid rho ~ +0.215), KC=0.869
  |diff| vs paper: slope 0.044, R2 0.045, DW 0.062
shape: peak=1974 (mid-1970s: YES); 1968 local min: YES; 1990 rises vs 1989: YES; mid-1980s low year: 1984; 1996 = series min: YES (series min year: 1996)

--- TASK A summary vs paper AR(1) (-0.200+0.768, R2 .53, DW 1.57) and shape ---
  A1: slope=0.880 R2=0.697 DW=1.990 rho=-0.020 KC=0.990; shape score 4/4 (peak 1974, 68min 1, 90rise 1, 96min 1)
  A2: slope=0.715 R2=0.477 DW=1.494 rho=+0.228 KC=0.810; shape score 4/4 (peak 1974, 68min 1, 90rise 1, 96min 1)
  A3: slope=0.724 R2=0.485 DW=1.508 rho=+0.225 KC=0.820; shape score 4/4 (peak 1974, 68min 1, 90rise 1, 96min 1)

========================================================================
TASK D: monthly AR(1) intercept reconciliation
========================================================================
n months = 408 (1963-01-31 .. 1996-12-31)
ln MILLIQ: mean = -1.3253, sd = 0.6946, min = -2.9500, max = 0.5402
our AR(1): intercept = -0.0660, slope = 0.9549, R2 = 0.9038, DW = 2.030
implied intercept (1 - 0.945)*mean = -0.0729   [paper slope]
implied intercept (1 - 0.9549)*mean = -0.0598   [our slope]
paper reports monthly intercept -0.313 (slope 0.945): inconsistent with its own slope+level (|-0.313 - -0.073| = 0.240); we keep ours.
