======================================================================
Frazzini-Pedersen (2014) 'Betting Against Beta' — US panel pipeline
======================================================================
[1/6] market calendar + market log returns ...
      22843 market dates (1925-12-31 .. 2012-03-30)
[2/6] universe permnos ...
      23475 unique universe permnos
[3/6] build daily log-return matrix (chunked SQL pull) ...
    chunk 1925-12-31..1929-12-31:   680,886 rows  ( 1.1s)
    chunk 1930-01-01..1934-12-31: 1,032,400 rows  ( 1.5s)
    chunk 1935-01-01..1939-12-31: 1,100,624 rows  ( 1.5s)
    chunk 1940-01-01..1944-12-31: 1,179,764 rows  ( 1.6s)
    chunk 1945-01-01..1949-12-31: 1,270,030 rows  ( 1.6s)
    chunk 1950-01-01..1954-12-31: 1,350,807 rows  ( 1.9s)
    chunk 1955-01-01..1959-12-31: 1,308,835 rows  ( 3.3s)
    chunk 1960-01-01..1964-12-31: 1,940,173 rows  ( 2.6s)
    chunk 1965-01-01..1969-12-31: 2,591,709 rows  ( 3.0s)
    chunk 1970-01-01..1974-12-31: 4,335,729 rows  ( 5.6s)
    chunk 1975-01-01..1979-12-31: 5,816,157 rows  ( 7.9s)
    chunk 1980-01-01..1984-12-31: 6,450,655 rows  ( 8.0s)
    chunk 1985-01-01..1989-12-31: 7,556,932 rows  ( 8.3s)
    chunk 1990-01-01..1994-12-31: 7,593,559 rows  ( 8.0s)
    chunk 1995-01-01..1999-12-31: 8,955,785 rows  ( 9.5s)
    chunk 2000-01-01..2004-12-31: 6,983,180 rows  ( 7.5s)
    chunk 2005-01-01..2009-12-31: 5,742,423 rows  ( 6.5s)
    chunk 2010-01-01..2012-03-31: 2,218,456 rows  ( 2.5s)
  daily pull done: 68,108,104 rows, 0 unmapped dates / 0 unmapped permnos skipped, 89s total
      LR matrix shape = (22843, 23475)  (4.29 GB)
[4/6] estimate FP betas (rolling vol x rolling corr + shrinkage) ...
    stock chunk [    0: 2500]:   280,201 valid betas (28.0s)
    stock chunk [ 2500: 5000]:   613,040 valid betas (28.0s)
    stock chunk [ 5000: 7500]:   343,814 valid betas (27.3s)
    stock chunk [ 7500:10000]:   347,233 valid betas (27.2s)
    stock chunk [10000:12500]:   299,075 valid betas (27.1s)
    stock chunk [12500:15000]:   195,356 valid betas (26.7s)
    stock chunk [15000:17500]:   163,832 valid betas (27.1s)
    stock chunk [17500:20000]:   136,959 valid betas (27.2s)
    stock chunk [20000:22500]:   119,787 valid betas (27.0s)
    stock chunk [22500:23475]:    21,165 valid betas ( 9.7s)
  beta done: 2,520,462 (permno, month) estimates, 257s total
[5/6] stage betas + assemble final panel (panel.sql) ...
  staged 2,520,462 betas into write_yeye.bab_beta_stage
      wrote replications/betting_against_beta/data/panel.parquet  (3,180,822 rows)
[6/6] summary ...
======================================================================
PANEL SUMMARY  (data/panel.parquet)
======================================================================
Dimensions      : 3,180,822 rows x 6 columns
Columns         : ['permno', 'month', 'ret', 'beta', 'me', 'log_me']
Unique months   : 1035
Unique permnos  : 23407
Date range      : 1926-01-01 .. 2012-03-01
Avg obs / month : 3,073.3  (min 484, max 7402)
Non-null beta   : 2,403,180 / 3,180,822 (75.6%)
----------------------------------------------------------------------
BETA (shrunk) distribution — non-null:
  mean   = 1.0091    median = 0.9527    std = 0.3932
  min    = -3.6472    max    = 5.6074
  p5     = 0.4921    p95    = 1.7259
----------------------------------------------------------------------
ME ($ millions) distribution — non-null:
  mean   = 999.32    median = 55.48
  p5     = 2.66    p95    = 2,943.23
======================================================================
total runtime: 362s
