Loading panel: replications/seasonality_international_evidence/data/panel.parquet
Panel: 1,955,687 rows x 7 cols, months 1983-12-31..2006-06-30
T3 metric names from tables_to_replicate.json: 288
Matrices: 19,685 gvkeys x 271 months (mi 23808..24078 = 1984-00 .. 2006-06)
  ret_usd non-missing cells: 1,923,218
  ex      non-missing cells: 1,923,218
  me_usd  non-missing cells: 1,738,836

=== Table 3 — sorting + spreads ===
  processed 50/257 sort months
  processed 100/257 sort months
  processed 150/257 sort months
  processed 200/257 sort months
  processed 250/257 sort months

=== EW Panel A headline (total): ours vs paper ===
  y1 nonannual  ret=-0.0053 (+0.0121)  t=-1.62 (+4.17)  T=257
  y1 annual     ret=+0.0023 (+0.0081)  t=+1.11 (+4.28)  T=257
  y1 difference ret=+0.0077 (-0.0040)  t=+2.03 (-1.32)  T=257
  y1 all        ret=-0.0040 (+0.0131)  t=-1.26 (+4.53)  T=257
  y23 nonannual  ret=-0.0151 (-0.0143)  t=-5.72 (-7.05)  T=257
  y23 annual     ret=-0.0010 (+0.0037)  t=-0.42 (+2.72)  T=246
  y23 difference ret=+0.0135 (+0.0180)  t=+4.59 (+8.25)  T=246
  y23 all        ret=-0.0141 (-0.0127)  t=-5.27 (-6.42)  T=257
  y45 nonannual  ret=-0.0052 (-0.0056)  t=-2.72 (-3.95)  T=233
  y45 annual     ret=+0.0005 (+0.0044)  t=+0.27 (+3.51)  T=222
  y45 difference ret=+0.0067 (+0.0101)  t=+2.67 (+5.54)  T=222
  y45 all        ret=-0.0042 (-0.0042)  t=-2.16 (-2.88)  T=233

Additivity max |Total - Intra - Inter| (our ret cells): 3.25e-18

Wrote: table_3.md, cells_t3.json (288 names), table3_ew_panelA_bars.png
