[load] panel (1750472, 49), ind (8060, 19) in 0.5s
panel months: 1962-01 .. 1995-07, permnos 16,947
ret_wide (403, 16947)
global cohorts (30/30, me>0, mom6 nn): 396

========== DIAGNOSTIC 1: (6,6) W-L spread volatility ==========
1a raw VW 30/30 W-L 1963-07..1995-07: mean=0.004135 std=0.035115 t=2.311 T=385  (paper 0.0043/t=4.65; iter4 0.004135/t=2.311)
1b EW 10/10 W-L: mean=0.004471 std=0.050756 t=1.729 T=385 (396 cohorts, avg 409 winners / 409 losers per cohort)
1c pulling retx from crsp_202601.msf (in-memory only) ...
   retx rows: 2,013,074; sentinels (<-1) -> NaN: 0; null: 94,997
1c VW 30/30 W-L with retx: mean=0.004408 std=0.035219 t=2.456 T=385 | ret-std 0.035115 -> retx-std 0.035219 (delta ret-retx = -0.000104); mean delta (ret-retx) = -0.000273
1d 1963-07..1972-12: mean=0.003813 std=0.032467 t=1.254 T=114
1d 1973-01..1984-12: mean=0.005454 std=0.039471 t=1.658 T=144
1d 1985-01..1995-07: mean=0.002929 std=0.032262 t=1.023 T=127
1e std(W)=0.049531 std(L)=0.056053 corr(W,L)=0.7856 -> implied std(W-L)=0.035115 vs direct 0.035115
   mean(W)=0.013067 mean(L)=0.008931
1f cohorts=396; avg losers/cohort=1224.6 (winners 1224.5); frac losers with last panel row <= f+5 = 0.0527 (winners: 0.0522)

========== DIAGNOSTIC 2: DT 5x5 adjustment ==========
2a eligible rows 1973-01..1995-07 (ret, me_lag1>0, bm_sort): 1,172,745; bm_sort null% in ADJ panel: 20.20%; avg elig/month: 4327
2a 5x5 VW monthly mean returns (%/mo), rows=size 1(small)..5(large), cols=BM 1(low)..5(high):
            BM1      BM2      BM3      BM4      BM5
  SZ1    0.8696   1.1179   1.5205   1.9877   2.8900
  SZ2    0.4646   0.8424   1.0062   1.3478   1.6437
  SZ3    0.7986   0.9771   1.2461   1.3879   1.5660
  SZ4    1.0590   1.1404   1.1388   1.5083   1.6521
  SZ5    0.8547   0.9105   0.9298   1.1233   1.4475
   hiBM-loBM (value premium): 1.0305%/mo, t=4.71, T=271
   small-large (size premium): 0.6240%/mo, t=1.86, T=271
2b DT benchmark W-L (r_sb) 1973-01..1995-07: mean=0.004447 t=2.606 T=271 (paper implication +0.0014)
   raw W-L over same ADJ window: mean=0.004271 t=1.941 T=271
   absorption (raw - benchmark): mean=-0.000176 t=-0.250 T=271
2c over 271 ADJ cohorts: mean ln(size, me_lag1) W=17.7637 L=16.7944 (W-L=+0.9693); mean ln(me@f) W=17.7671 L=16.7937
   mean ln(BE/ME) W=-0.6986 L=-0.2287 (W-L=-0.4699); ln_beme coverage W=83.0% L=81.4%
2d corr(W_sb, W_ret): ADJ=0.4412, RAW=0.4633; corr(L_sb, L_ret): ADJ=0.6908, RAW=0.6950

========== DIAGNOSTIC 3: Panel C within-industry ==========
3a f=1990-06: universe eligible (mom6 nn & me>0) = 5509
   ind | n_elig | n_win | n_los | win/elig | los/elig
     1 Mining           301      91      91    0.302    0.302
     2 Food             110      33      33    0.300    0.300
     3 Apparel           87      26      26    0.299    0.299
     4 Paper             43      13      13    0.302    0.302
     5 Chemical         263      79      79    0.300    0.300
     6 Petroleum         28       9       9    0.321    0.321
     7 Construction      39      12      12    0.308    0.308
     8 Prim.Metals       70      21      21    0.300    0.300
     9 Fab.Metals       121      37      37    0.306    0.306
    10 Machinery        379     114     114    0.301    0.301
    11 Elec.Eq          414     124     124    0.300    0.300
    12 Transp.Eq         89      27      27    0.303    0.303
    13 Manuf            345     104     104    0.301    0.301
    14 Railroads         11       4       4    0.364    0.364
    15 OtherTransp       85      26      26    0.306    0.306
    16 Utilities        226      68      68    0.301    0.301
    17 Dept.Stores       36      11      11    0.306    0.306
    18 Retail           528     159     159    0.301    0.301
    19 Financial       1231     370     370    0.301    0.301
    20 Other           1103     331     331    0.300    0.300

3b per-industry within-industry (6,6) W-L, 1963-07..1995-07:
    1 Mining        mean=+0.003256 t=+1.44 T=385
    2 Food          mean=+0.002446 t=+1.32 T=385
    3 Apparel       mean=+0.007139 t=+3.04 T=385
    4 Paper         mean=+0.001264 t=+0.62 T=385
    5 Chemical      mean=+0.003766 t=+1.84 T=385
    6 Petroleum     mean=-0.001149 t=-0.58 T=385
    7 Construction  mean=+0.001449 t=+0.57 T=385
    8 Prim.Metals   mean=+0.002159 t=+0.91 T=385
    9 Fab.Metals    mean=+0.000170 t=+0.08 T=385
   10 Machinery     mean=+0.003022 t=+1.29 T=385
   11 Elec.Eq       mean=+0.006843 t=+2.82 T=385
   12 Transp.Eq     mean=+0.003462 t=+1.38 T=385
   13 Manuf         mean=+0.009153 t=+3.31 T=385
   14 Railroads     mean=+0.004102 t=+1.45 T=385
   15 OtherTransp   mean=+0.004698 t=+1.82 T=385
   16 Utilities     mean=-0.001171 t=-0.87 T=385
   17 Dept.Stores   mean=+0.009959 t=+4.25 T=385
   18 Retail        mean=+0.008174 t=+3.87 T=385
   19 Financial     mean=+0.003246 t=+1.72 T=385
   20 Other         mean=+0.005164 t=+2.25 T=385
   18/20 positive; cross-industry average of means=+0.003858
   neutral (EW of 20 per-industry monthly series): mean=+0.003858 t=3.000; engine-exact neutral: mean=+0.003858 t=3.000
3c 1963-07..1972-12: neutral mean=+0.005706 t=2.358 T=114 | excess mean=+0.003674 t=1.203 T=114
3c 1973-01..1995-07: neutral mean=+0.003080 t=2.029 T=271 | excess mean=+0.002269 t=1.207 T=271
3d corr(ind_mom6_EW, ind_mom6_VW) pooled = 0.8607
   excess (VW signal, clone): mean=+0.002685 t=1.677; engine exact: mean=+0.002685 t=1.677
   excess (EW signal):        mean=+0.002347 t=1.516 T=385
3e f=1990-06 industry ranking by ind_mom6 (top3 / bottom3):
   TOP3 (winner industries -> short leg uses their top-30%):
     ind 10 Machinery     ind_mom6=+0.1815
     ind  7 Construction  ind_mom6=+0.1511
     ind 17 Dept.Stores   ind_mom6=+0.1361
   BOTTOM3 (loser industries -> long leg uses their bottom-30%):
     ind 15 OtherTransp   ind_mom6=-0.0119
     ind  3 Apparel       ind_mom6=-0.0417
     ind 19 Financial     ind_mom6=-0.0579
     ind 10: bottom-30% (LONG leg here) n=114, top-30% n=114, n_elig=379
     ind  7: bottom-30% (LONG leg here) n=12, top-30% n=12, n_elig=39
     ind 17: bottom-30% (LONG leg here) n=11, top-30% n=11, n_elig=36
     ind 15: top-30% (SHORT leg here) n=26, bottom-30% n=26, n_elig=85
     ind  3: top-30% (SHORT leg here) n=26, bottom-30% n=26, n_elig=87
     ind 19: top-30% (SHORT leg here) n=370, bottom-30% n=370, n_elig=1231
   full period: LONG (bottom-30% of top3 industries) mean=+0.011612 t=4.111 T=385
              SHORT (top-30% of bottom3 industries) mean=+0.012048 t=4.552 T=385
              spread L-S mean=-0.000436 t=-0.338 (iter4 = -0.000436; paper +0.0030)
3f FM cross-sectional regressions (next-month ret on mom6) ...
   no FE:        mom6 coef = 0.005858 (t=2.14, T=384)
   industry FE:  mom6 coef = 0.004054 (t=1.60, T=384)
   FE absorbs 30.8% of the raw slope; avg stocks/cs = 4123

[wrote] replications/do_industries_explain_momentum/results/diagnostics_iter5.json
[total time] 93.6s
PY_EXIT=0
