[load] panel (1750472, 49); months 1962-01 .. 1995-07; permnos 16,947
[cohorts] global 30/30 (mom6 nn, me>0): 396 formable; ret_wide (403, 16947)

========== EXPERIMENT A: EW 30/30 monthly-rebalanced ==========
A full_1963-07_1995-07:
   EW monthly-rebalanced: mean=0.3916%/mo std=0.034404 t=2.234 T=385 annualized=4.70%/yr (footnote 11: 9.3%/yr = 0.775%/mo)
   EW fixed formation wts: mean=0.3916%/mo t=2.234 T=385 annualized=4.70%/yr
A adj_1973-01_1995-07:
   EW monthly-rebalanced: mean=0.3483%/mo std=0.033576 t=1.708 T=271 annualized=4.18%/yr (footnote 11: 9.3%/yr = 0.775%/mo)
   EW fixed formation wts: mean=0.3483%/mo t=1.708 T=271 annualized=4.18%/yr
   max |EW-rebal - EW-fixed| over full period = 5.551e-17 (identical by construction: 1/N renormalized == simple mean)

========== EXPERIMENT B: VW 30/30 monthly-rebalanced ==========
B VW-rebal W-L full_1963-07_1995-07: mean=0.004840 std=0.034502 t=2.753 T=385
B VW-rebal W-L adj_1973-01_1995-07: mean=0.005113 std=0.035547 t=2.368 T=271
   (fixed-weight baseline: 0.004135 / 0.035115 / t=2.311; paper: 0.0043 / 0.0178 / t=4.65)
B components (full): std(W)=0.0496 std(L)=0.0551 corr(W,L)=0.7877 mean(W)=0.012013 mean(L)=0.007172
   (fixed-weight components: 0.0495 / 0.0561 / 0.786)

B Table-II-A series with monthly-rebalanced VW weights:
   ret              [full_1963-07_1995-07]: mean=+0.004840 t=+2.753 T=385 | paper +0.0043/4.65 | fixed +0.0041/2.31
   r_dgtw           [adj_1973-01_1995-07]: mean=+0.001453 t=+2.409 T=271 | paper +0.0009/1.56 | fixed +0.0007/1.15
   r_sb             [adj_1973-01_1995-07]: mean=+0.005219 t=+3.124 T=271 | paper +0.0029/3.34 | fixed +0.0044/2.61
   ret_minus_ind    [full_1963-07_1995-07]: mean=+0.003848 t=+3.056 T=385 | paper +0.0013/2.04 | fixed +0.0031/2.43
   sb_minus_ind     [adj_1973-01_1995-07]: mean=+0.003785 t=+3.305 T=271 | paper +0.0008/0.91 | fixed +0.0030/2.55
   sb_minus_randind [adj_1973-01_1995-07]: mean=+0.005414 t=+3.413 T=271 | paper +0.0027/2.77 | fixed +0.0047/2.88

B Panel C with monthly-rebalanced VW legs:
   industry-neutral (rebal VW legs, EW across industries): mean=+0.004613 t=+3.677 T=385 | paper +0.0011/1.01 | fixed +0.0039/3.00
   high-ind losers - low-ind winners (rebal VW legs): mean=-0.001042 t=-0.813 T=385 | paper +0.0030/2.66 | fixed -0.0004/-0.34
   excess-industry (EW, unchanged per paper): mean=+0.002685 t=+1.677 T=385 | paper -0.0007/-0.83 | fixed +0.0027/1.68

========== EXPERIMENT C: NYSE-breakpoint DT absorption ==========
C r_sb_nyse coverage: 271 months, avg NYSE breakpoint stocks/month = 1323, avg eligible/month = 4328, nonnull fraction = 0.7979
C SB W-L (NYSE breakpoints) ADJ: mean=0.004285 (+42.85bp) t=2.686 T=271 (paper 0.0029/3.34; all-universe 0.004447/t=2.606)
C raw W-L ADJ: mean=0.004271 t=1.941 T=271
C absorption (raw - benchmark) NYSE: mean=-0.000014 (-0.14bp) t=-0.017 T=271 (paper-implied +14bp)
C absorption (raw - benchmark) all-universe: mean=-0.000176 (-1.76bp) t=-0.250 T=271 (iter5: -1.76bp / t=-0.25)

[wrote] replications/do_industries_explain_momentum/results/diagnostics_iter6.json
[total time] 47.6s
