[stage 1] skipped — panel.parquet exists (pass --rebuild to re-run the ~20 min CRSP stage)
[stage 2] enriching panel with Compustat fundamentals, r_sb, r_dgtw, beta ...
[s2] reading panel.parquet ...
      rows=1,750,472, cols=48; sum(ret)=21252.212096
[s2] comp_book_equity.sql (funda items, deduped) ...
      funda rows (deduped, 1961-1994): 225,349
      firm-years with be>0 & at>0: 197,480
[s2] ccm_link.sql (linktype LC/LU, usedflag=1, linkprim P/C) ...
      link rows: 33,324, permnos: 29,567
      (permno, avail-month) BE records: 153,429
[s2] Daniel-Titman 5x5 (r_sb) and DGTW 5x5x5 (r_dgtw) ...
      sorts: 50/403 months
      sorts: 100/403 months
      sorts: 150/403 months
      sorts: 200/403 months
      sorts: 250/403 months
      sorts: 300/403 months
      sorts: 350/403 months
      sorts: 400/403 months
[s2] beta_raw (36-mo rolling) + beta_smoothed (100 pre-rank groups) ...
[s2] wrote panel.parquet: 1,750,472 rows x 48 cols

=== S2-R1: BE coverage (distinct permnos with be_dollars) by year ===
  1965: 1172 / 2067 panel rows have be_dollars (56.7%) [month=1965-06]
  1973: 3454 / 5223 panel rows have be_dollars (66.1%) [month=1973-06]
  1980: 3738 / 4559 panel rows have be_dollars (82.0%) [month=1980-06]
  1990: 4751 / 5812 panel rows have be_dollars (81.7%) [month=1990-06]
  1995: 6360 / 6769 panel rows have be_dollars (94.0%) [month=1995-06]

=== S2-R2: non-null counts at key dates ===
  1973-01: n=5426 | r_sb=3338, r_dgtw=2030, beta_smoothed=2178, ln_beme=3338
  1980-06: n=4559 | r_sb=3656, r_dgtw=3496, beta_smoothed=4007, ln_beme=3656
  1990-06: n=5812 | r_sb=4620, r_dgtw=4362, beta_smoothed=5010, ln_beme=4620
  1995-06: n=6769 | r_sb=6153, r_dgtw=5750, beta_smoothed=5210, ln_beme=6153

=== S2-R3: cross-sectional (EW) mean r_dgtw by year (should be ~0) ===
  1973: EW mean r_dgtw = -0.000421 (n obs=24,944)
  1980: EW mean r_dgtw = 0.002168 (n obs=42,249)
  1985: EW mean r_dgtw = -0.001337 (n obs=50,828)
  1990: EW mean r_dgtw = 0.004091 (n obs=52,545)
  1995: EW mean r_dgtw = 0.002103 (n obs=39,939)
  TS avg monthly EW r_dgtw (1973-01..1995-07, T=271): 0.001783, t=4.76
  TS avg monthly EW r_sb (1973-01..1995-07, T=271): 0.001204, t=7.06

=== S2-R4: beta_smoothed distribution at 1990-06 ===
  n=5010 mean=0.9699 median=0.9836 p25=0.6267 p75=1.3196

=== S2-R5: FM-readiness at 1990-06 ===
  stocks with ALL of ['r_sb', 'beta_smoothed', 'ln_size', 'ln_beme', 'mom6', 'mom1', 'ret_36_13', 'ind_mom6', 'ind_mom1', 'ind_ret_36_13', 'ind_ret_6_6'] non-null: 3724

=== S2-R6: IBM (permno 12490) single-stock checks ===
  1973-06: be_dollars=7,594,211,000, be_lag1=6,681,571,000, me_lag1=45,706,106,500, bm_sort=0.1462, ln_beme=-1.9229
           bm_sort in (0.05,2)? True
  1973-01: r_sb=0.0907964985050921

=== S2-R7: panel integrity (written file) ===
  rows=1,750,472 (expect 1,750,472), cols=48 (expect 48 = 41 + 7)
  sum(ret)=21252.212096 (must equal pre-enrich value)
  columns: ['permno', 'date', 'ret', 'exret', 'me', 'me_lag1', 'vol', 'dollar_vol', 'shrcd', 'exchcd', 'siccd', 'sic2', 'ind', 'rf', 'vw_mkt', 'ew_mkt', 'mom1', 'mom6', 'mom12', 'ret_11_6', 'ret_36_13', 'ret_6_6', 'ret_12_12', 'ret_7_2', 'ret_12_2', 'ret_6_6s', 'ret_12_12s', 'ln_size', 'ind_ret_vw', 'ind_ret_ew', 'ind_mom1', 'ind_mom6', 'ind_mom12', 'ind_ret_11_6', 'ind_ret_36_13', 'ind_ret_6_6', 'ind_ret_12_12', 'ind_ret_7_2', 'ind_ret_12_2', 'ind_ret_6_6s', 'ind_ret_12_12s', 'be_dollars', 'bm_sort', 'ln_beme', 'r_sb', 'r_dgtw', 'beta_raw', 'beta_smoothed']
  added enrichment cols: ['be_dollars', 'bm_sort', 'ln_beme', 'r_sb', 'r_dgtw', 'beta_raw', 'beta_smoothed']
[stage 3] momentum-strategy engines + Tables I/II/III + plots ...
[stage 3] Tables I/II/III + plots + per-cell JSON
  panel (1750472, 49), industry_monthly (8060, 19)
  [3.1] replacement returns + industry auxiliary VW series ...
  [3.2] Table I ...
  [3.3] global individual cohorts ...
        396 formable cohorts
  [3.4] Table II ...
  [3.5] Table III ...
  [3.6] wrote cells_tables_1_2_3.json: 398 cells

=== per-cell tally ===
  T1: total=134  Tier1=105  Tier2=18  FAIL=11  SKIP=0
      FAIL cells: ['mining_abnormal_t', 'apparel_abnormal_ret', 'apparel_abnormal_t', 'transport_eq_abnormal_ret', 'transport_eq_abnormal_t', 'utilities_abnormal_ret', 'dept_stores_abnormal_ret', 'dept_stores_abnormal_t', 'financial_abnormal_ret', 'financial_abnormal_t', 'average_abnormal_ret']
  T2: total=24  Tier1=10  Tier2=8  FAIL=6  SKIP=0
      FAIL cells: ['pB_raw_random_industry_mean', 'pB_raw_random_industry_t', 'pC_excess_industry_mean', 'pC_excess_industry_t', 'pC_high_ind_losers_low_ind_winners_mean', 'pC_high_ind_losers_low_ind_winners_t']
  T3: total=240  Tier1=100  Tier2=127  FAIL=13  SKIP=0
      FAIL cells: ['pB_L1_H1_wilo_t', 'pB_L1_H6_wimid', 'pB_L1_H6_wimid_t', 'pB_L1_H1_midlo', 'pB_L1_H1_midlo_t', 'pB_L1_H36_dgtw_t', 'pA_L6_H36_dgtw_t', 'pB_L6_H1_midlo', 'pB_L6_H1_dgtw', 'pB_L6_H1_dgtw_t', 'pB_L6_H36_dgtw_t', 'pA_L12_H36_dgtw_t', 'pB_L12_H36_dgtw_t']
  [3.7] markdown tables ...
  [3.8] plots ...

[stage 3] done in 43.7s
[stage 4] Table VI Fama-MacBeth regressions (Panels A-D) ...
[stage 4] Table VI Fama-MacBeth regressions (Panels A-D, 32 regs)
  panel (1750472, 49)
  FM sample: 1,469,713 rows over 271 months (1973-01..1995-07)
  [4.1] running 32 Fama-MacBeth regressions ...

  === avg obs/month and dropped months ===
    pA_6_1_s1        avg_obs=   3630  T=271  dropped=0
    pA_6_1_s2        avg_obs=   3204  T=271  dropped=0
    pA_6_6_s1        avg_obs=   3607  T=271  dropped=0
    pA_6_6_s2        avg_obs=   3192  T=271  dropped=0
    pA_12_1_s1       avg_obs=   3602  T=271  dropped=0
    pA_12_1_s2       avg_obs=   3190  T=271  dropped=0
    pA_12_12_s1      avg_obs=   3553  T=271  dropped=0
    pA_12_12_s2      avg_obs=   3190  T=271  dropped=0
    pB_6_1_s1        avg_obs=   3657  T=271  dropped=0
    pB_6_1_s2        avg_obs=   3657  T=271  dropped=0
    pB_6_6_s1        avg_obs=   3657  T=271  dropped=0
    pB_6_6_s2        avg_obs=   3657  T=271  dropped=0
    pB_12_1_s1       avg_obs=   3657  T=271  dropped=0
    pB_12_1_s2       avg_obs=   3657  T=271  dropped=0
    pB_12_12_s1      avg_obs=   3657  T=271  dropped=0
    pB_12_12_s2      avg_obs=   3657  T=271  dropped=0
    pC_6_1_s1        avg_obs=   3204  T=271  dropped=0
    pC_6_1_s2        avg_obs=   3204  T=271  dropped=0
    pC_6_6_s1        avg_obs=   3192  T=271  dropped=0
    pC_6_6_s2        avg_obs=   3192  T=271  dropped=0
    pC_12_1_s1       avg_obs=   3190  T=271  dropped=0
    pC_12_1_s2       avg_obs=   3190  T=271  dropped=0
    pC_12_12_s1      avg_obs=   3190  T=271  dropped=0
    pC_12_12_s2      avg_obs=   3190  T=271  dropped=0
    pD_7_2_s1        avg_obs=   3201  T=271  dropped=0
    pD_7_2_s2        avg_obs=   3201  T=271  dropped=0
    pD_6_6s_s1       avg_obs=   3192  T=271  dropped=0
    pD_6_6s_s2       avg_obs=   3192  T=271  dropped=0
    pD_12_2_s1       avg_obs=   3190  T=271  dropped=0
    pD_12_2_s2       avg_obs=   3190  T=271  dropped=0
    pD_12_12s_s1     avg_obs=   3190  T=271  dropped=0
    pD_12_12s_s2     avg_obs=   3190  T=271  dropped=0

  No months dropped (all 271 months fit >=30 obs in every spec).

  [4.2] wrote cells_table_6.json: 416 cells
  === T6 tally (n=416) ===
    Tier1=193  Tier2=152  FAIL=71  SKIP=0
    FAIL cells (71):
      pA_6_1_s1_beta_t
      pA_6_1_s1_ln_size_t
      pA_6_1_s2_ln_size_t
      pA_6_1_s2_be_me
      pA_6_1_s2_be_me_t
      pA_6_6_s1_ln_size
      pA_6_6_s1_ln_size_t
      pA_6_6_s2_beta_t
      pA_6_6_s2_ln_size_t
      pA_6_6_s2_be_me
      pA_6_6_s2_be_me_t
      pA_12_1_s1_ln_size
      pA_12_1_s1_ln_size_t
      pA_12_1_s2_ln_size_t
      pA_12_12_s1_ln_size
      pA_12_12_s1_ln_size_t
      pA_12_12_s2_beta_t
      pA_12_12_s2_ln_size_t
      pA_12_12_s2_be_me
      pA_12_12_s2_be_me_t
      pB_6_1_s1_beta_t
      pB_6_1_s1_ln_size
      pB_6_1_s1_ln_size_t
      pB_6_1_s2_beta_t
      pB_6_1_s2_ln_size_t
      pB_6_6_s1_beta_t
      pB_6_6_s1_ln_size
      pB_6_6_s1_ln_size_t
      pB_6_6_s2_beta_t
      pB_6_6_s2_ln_size_t
      pB_12_1_s1_beta_t
      pB_12_1_s1_ln_size
      pB_12_1_s1_ln_size_t
      pB_12_1_s2_beta_t
      pB_12_1_s2_ln_size_t
      pB_12_12_s1_beta_t
      pB_12_12_s1_ln_size_t
      pB_12_12_s2_beta_t
      pB_12_12_s2_ln_size_t
      pC_6_1_s1_beta_t
      pC_6_1_s1_ln_size_t
      pC_6_1_s1_be_me
      pC_6_1_s1_be_me_t
      pC_6_1_s2_beta_t
      pC_6_1_s2_ln_size_t
      pC_6_1_s2_be_me
      pC_6_1_s2_be_me_t
      pC_6_6_s1_ln_size_t
      pC_6_6_s2_ln_size_t
      pC_12_1_s1_ln_size_t
      pC_12_1_s2_ln_size_t
      pC_12_12_s1_ln_size_t
      pC_12_12_s2_ln_size_t
      pD_7_2_s1_beta_t
      pD_7_2_s1_ln_size_t
      pD_7_2_s1_be_me
      pD_7_2_s1_be_me_t
      pD_7_2_s2_beta_t
      pD_7_2_s2_ln_size_t
      pD_7_2_s2_be_me
      pD_7_2_s2_be_me_t
      pD_6_6s_s1_ln_size_t
      pD_6_6s_s2_ln_size_t
      pD_12_2_s1_ln_size_t
      pD_12_2_s2_ln_size_t
      pD_12_12s_s1_ln_size_t
      pD_12_12s_s1_be_me
      pD_12_12s_s1_be_me_t
      pD_12_12s_s2_ln_size_t
      pD_12_12s_s2_be_me
      pD_12_12s_s2_be_me_t
  [4.3] writing table_6.md ...
  [4.4] writing fm_interaction.png ...
  [4.5] NYSE/AMEX-only (6,6) raw diagnostic ...
    full universe : mean=0.004135 std=0.035115 t=2.311 (T=385, 16947 permnos) [ref 0.004135/0.035115/2.311]
    NYSE/AMEX only: mean=0.002611 std=0.034260 t=1.495 (T=385, 5908 permnos, 867,901 rows) [paper 0.0043/~0.0178/4.65]

[stage 4] done in 21.4s
